// Jest Snapshot v1, https://goo.gl/fbAQLP

exports[`<Clock /> is correctly rendered 1`] = `
<div
  className="clock"
>
  12:24:36
</div>
`;
